// Jest Snapshot v1, https://goo.gl/fbAQLP

exports[`renders homepage unchanged 1`] = `
<div>
  <div
    class="flex min-h-screen flex-col justify-between"
  >
    <header>
      <nav
        class="flex h-12 items-center px-4 justify-between shadow-md"
      >
        <a
          class="text-lg font-bold"
          data-testid="Home"
          href="/"
        >
          Thinh's Awesome Ecommerce App
        </a>
      </nav>
    </header>
    <main
      class="container m-auto mt-4 px-4"
    >
      <div
        class="grid grid-cols-1 gap-4 md:grid-cols-3 lg:grid-cols-4"
        data-testid="products-result"
      />
    </main>
    <footer
      class="flex h-10 justify-center items-center shadow-inner"
    >
      <p>
        Copyright Â© 2022 Thinh
      </p>
    </footer>
  </div>
</div>
`;
